// Jest Snapshot v1, https://goo.gl/fbAQLP

exports[`render correctly 1`] = `
.c0 {
  display: inline-block;
  padding: 0 16px;
  height: 36px;
  min-width: 64px;
  border: none;
  border-radius: 2px;
  line-height: 36px;
  font-size: 14px;
  color: #000;
  background-color: hsla(0,0%,50%,0.1);
  cursor: pointer;
  -webkit-transition: background-color ease-in-out 200ms;
  transition: background-color ease-in-out 200ms;
}

.c0:active {
  background-color: hsla(0,0%,50%,0.2);
}

<button
  className="c0"
  type=""
>
  Next
</button>
`;
